// Jest Snapshot v1, https://goo.gl/fbAQLP

exports[`/status GET returns 200 1`] = `
Object {
  "date": Any<String>,
  "works": true,
}
`;

exports[`/status POST returns 404 1`] = `"{\\"message\\":\\"Route POST:/status not found\\",\\"error\\":\\"Not Found\\",\\"statusCode\\":404}"`;
