// Jest Snapshot v1, https://goo.gl/fbAQLP

exports[`/ GET returns 200 1`] = `
Object {
  "date": Any<String>,
  "works": true,
}
`;

exports[`/ POST returns 404 1`] = `"{\\"message\\":\\"Route POST:/ not found\\",\\"error\\":\\"Not Found\\",\\"statusCode\\":404}"`;
